[tool.ruff]
lint.select = [
  "ALL",
]
lint.ignore = [
  # Missing type annotation for **{name}.
  "ANN003",
]
# Do not automatically remove commented out code.
# We comment out code during development, and with VSCode auto-save, this code
# is sometimes annoyingly removed.
lint.unfixable = [
  "ERA001",
]
